// Jest Snapshot v1, https://goo.gl/fbAQLP

exports[`Oracle construct Should create resources in Oracle construct 1`] = `
"{
  \\"data\\": {
    \\"aws_availability_zones\\": {
      \\"mockVpcConstruct_mockVpcConstruct-zones_DBE91AA2\\": {
        \\"state\\": \\"available\\"
      }
    },
    \\"aws_caller_identity\\": {
      \\"mockVpcConstruct_account_F920F323\\": {
      },
      \\"mockVpcConstruct_account_id_B128C33F\\": {
      }
    },
    \\"aws_iam_policy_document\\": {
      \\"oracle-test_oracle-test-bucket-policy-document_7D05426B\\": {
        \\"statement\\": [
          {
            \\"actions\\": [
              \\"s3:PutObject\\",
              \\"s3:GetObject\\",
              \\"s3:ListBucket\\",
              \\"s3:DeleteObject\\"
            ],
            \\"effect\\": \\"Allow\\",
            \\"resources\\": [
              \\"\${aws_s3_bucket.oracle-test_test-oracle-test-bucket_test-oracle-test-bucketBucket_D019DD25.arn}\\",
              \\"\${aws_s3_bucket.oracle-test_test-oracle-test-bucket_test-oracle-test-bucketBucket_D019DD25.arn}/*\\"
            ]
          },
          {
            \\"actions\\": [
              \\"kms:Decrypt\\",
              \\"kms:Encrypt\\",
              \\"kms:ReEncryptTo\\",
              \\"kms:GenerateDataKey\\",
              \\"kms:DescribeKey\\",
              \\"kms:ReEncryptFrom\\"
            ],
            \\"effect\\": \\"Allow\\",
            \\"resources\\": [
              \\"\${aws_kms_key.oracle-test_test-oracle-test-bucket_test-oracle-test-bucketKmsKey_8E39B6F6.arn}\\"
            ]
          }
        ]
      },
      \\"oracle-test_oracle-test-service-role-policy-document_A0FC968E\\": {
        \\"statement\\": [
          {
            \\"actions\\": [
              \\"sts:AssumeRole\\"
            ],
            \\"effect\\": \\"Allow\\",
            \\"principals\\": [
              {
                \\"identifiers\\": [
                  \\"rds.amazonaws.com\\"
                ],
                \\"type\\": \\"Service\\"
              }
            ]
          }
        ]
      }
    },
    \\"aws_region\\": {
      \\"mockVpcConstruct_region_EBFE6351\\": {
      }
    }
  },
  \\"resource\\": {
    \\"aws_cloudwatch_log_group\\": {
      \\"mockVpcConstruct_mockVpcConstruct-flowLogGroup_F5CDB0B3\\": {
        \\"kms_key_id\\": \\"\${aws_kms_key.mockVpcConstruct_mockVpcConstruct-flowLogsLogGroupKms_36A3EBE9.arn}\\",
        \\"name\\": \\"mockVpcConstruct-flowLogGroup\\",
        \\"retention_in_days\\": 365,
        \\"tags\\": {
          \\"Name\\": \\"mockVpcConstruct-flow-logs\\"
        }
      }
    },
    \\"aws_db_instance\\": {
      \\"oracle-test_oracle-test-db-instance_01581102\\": {
        \\"allocated_storage\\": 100,
        \\"apply_immediately\\": false,
        \\"backup_retention_period\\": 7,
        \\"backup_window\\": \\"00:30-02:30\\",
        \\"db_name\\": \\"ORCL\\",
        \\"db_subnet_group_name\\": \\"\${aws_db_subnet_group.oracle-test_oracle-test-subnet-group_737B392D.name}\\",
        \\"deletion_protection\\": true,
        \\"engine\\": \\"oracle-se2\\",
        \\"engine_version\\": \\"19\\",
        \\"final_snapshot_identifier\\": \\"oracle-test-final\\",
        \\"identifier\\": \\"oracle-test\\",
        \\"instance_class\\": \\"db.m6i.large\\",
        \\"kms_key_id\\": \\"\${aws_kms_key.oracle-test_oracle-test-key_oracle-test-keyKmsKey_154402E0.arn}\\",
        \\"license_model\\": \\"license-included\\",
        \\"option_group_name\\": \\"\${aws_db_option_group.oracle-test_oracle-test-options-group_8BCEE091.name}\\",
        \\"password\\": \\"password\\",
        \\"performance_insights_enabled\\": true,
        \\"storage_encrypted\\": true,
        \\"storage_type\\": \\"gp3\\",
        \\"tags\\": {
          \\"Name\\": \\"oracle-test\\",
          \\"backup-policy\\": \\"root-ou-rds\\",
          \\"customer-data\\": \\"false\\"
        },
        \\"username\\": \\"test-admin\\",
        \\"vpc_security_group_ids\\": [
          \\"\${aws_security_group.oracle-test_oracle-test-security-group_00098AAD.id}\\"
        ]
      }
    },
    \\"aws_db_instance_role_association\\": {
      \\"oracle-test_oracle-test-role-association_4A03C75F\\": {
        \\"db_instance_identifier\\": \\"\${aws_db_instance.oracle-test_oracle-test-db-instance_01581102.identifier}\\",
        \\"feature_name\\": \\"S3_INTEGRATION\\",
        \\"role_arn\\": \\"\${aws_iam_role.oracle-test_oracle-test-bucket-role_IamRole_F6DFB5B0.arn}\\"
      }
    },
    \\"aws_db_option_group\\": {
      \\"oracle-test_oracle-test-options-group_8BCEE091\\": {
        \\"engine_name\\": \\"oracle-se2\\",
        \\"major_engine_version\\": \\"19\\",
        \\"name\\": \\"oracle-test\\",
        \\"option\\": [
          {
            \\"option_name\\": \\"S3_INTEGRATION\\",
            \\"version\\": \\"1.0\\"
          },
          {
            \\"option_name\\": \\"Timezone\\",
            \\"option_settings\\": [
              {
                \\"name\\": \\"TIME_ZONE\\",
                \\"value\\": \\"UTC\\"
              }
            ]
          }
        ],
        \\"tags\\": {
          \\"Name\\": \\"oracle-test\\"
        }
      }
    },
    \\"aws_db_subnet_group\\": {
      \\"mockVpcConstruct_mockVpcConstruct-db-subnet-group_CD3483C4\\": {
        \\"name\\": \\"default-subnet-group\\",
        \\"subnet_ids\\": [
          \\"\${aws_subnet.mockVpcConstruct_mockVpcConstructdataSubnet0_8662C1EF.id}\\",
          \\"\${aws_subnet.mockVpcConstruct_mockVpcConstructdataSubnet1_685E0FBF.id}\\",
          \\"\${aws_subnet.mockVpcConstruct_mockVpcConstructdataSubnet2_BA21E584.id}\\"
        ],
        \\"tags\\": {
          \\"Name\\": \\"default-subnet-group\\"
        }
      },
      \\"oracle-test_oracle-test-subnet-group_737B392D\\": {
        \\"name\\": \\"oracle-test\\",
        \\"subnet_ids\\": [
          \\"\${aws_subnet.mockVpcConstruct_mockVpcConstructdataSubnet0_8662C1EF.id}\\",
          \\"\${aws_subnet.mockVpcConstruct_mockVpcConstructdataSubnet1_685E0FBF.id}\\",
          \\"\${aws_subnet.mockVpcConstruct_mockVpcConstructdataSubnet2_BA21E584.id}\\"
        ],
        \\"tags\\": {
          \\"Name\\": \\"oracle-test\\"
        }
      }
    },
    \\"aws_flow_log\\": {
      \\"mockVpcConstruct_mockVpcConstruct-flowLog_EFB46CE1\\": {
        \\"iam_role_arn\\": \\"\${aws_iam_role.mockVpcConstruct_mockVpcConstructflowLogRole_F3488B17.arn}\\",
        \\"log_destination\\": \\"\${aws_cloudwatch_log_group.mockVpcConstruct_mockVpcConstruct-flowLogGroup_F5CDB0B3.arn}\\",
        \\"log_destination_type\\": \\"cloud-watch-logs\\",
        \\"tags\\": {
          \\"Name\\": \\"mockVpcConstruct-flowLog\\"
        },
        \\"traffic_type\\": \\"ALL\\",
        \\"vpc_id\\": \\"\${aws_vpc.mockVpcConstruct_mockVpcConstruct-Vpc_5633E70B.id}\\"
      }
    },
    \\"aws_iam_policy\\": {
      \\"oracle-test_oracle-test-bucket-role_oracle-test-bucket-role-PermissionsPolicy0_8B87A512\\": {
        \\"name\\": \\"oracle-test-bucket-role-permissions-policy-0\\",
        \\"policy\\": \\"\${data.aws_iam_policy_document.oracle-test_oracle-test-bucket-policy-document_7D05426B.json}\\",
        \\"tags\\": {
          \\"Name\\": \\"oracle-test-bucket-role-permissions-policy-0\\"
        }
      }
    },
    \\"aws_iam_role\\": {
      \\"mockVpcConstruct_mockVpcConstructflowLogRole_F3488B17\\": {
        \\"assume_role_policy\\": \\"\${file(\\\\\\"assets/mockVpcConstruct_mockVpcConstruct-baseVpcAssets_93C5C60C/6B39ECA406267D0E34A7D5FCF58546E9/flowLogAssumeRolePolicy.json\\\\\\")}\\",
        \\"name\\": \\"mockVpcConstruct-flowLogRole\\",
        \\"tags\\": {
          \\"Name\\": \\"mockVpcConstructflowLogRole\\"
        }
      },
      \\"oracle-test_oracle-test-bucket-role_IamRole_F6DFB5B0\\": {
        \\"assume_role_policy\\": \\"\${data.aws_iam_policy_document.oracle-test_oracle-test-service-role-policy-document_A0FC968E.json}\\",
        \\"name\\": \\"oracle-test-bucket-role\\",
        \\"tags\\": {
          \\"Name\\": \\"oracle-test-bucket-role\\"
        }
      }
    },
    \\"aws_iam_role_policy\\": {
      \\"mockVpcConstruct_mockVpcConstructflowLogRolePolicy_E750B284\\": {
        \\"name\\": \\"mockVpcConstruct-flowLogRolePolicy\\",
        \\"policy\\": \\"\${file(\\\\\\"assets/mockVpcConstruct_mockVpcConstruct-baseVpcAssets_93C5C60C/6B39ECA406267D0E34A7D5FCF58546E9/flowLogRolePolicy.json\\\\\\")}\\",
        \\"role\\": \\"\${aws_iam_role.mockVpcConstruct_mockVpcConstructflowLogRole_F3488B17.id}\\"
      }
    },
    \\"aws_iam_role_policy_attachment\\": {
      \\"oracle-test_oracle-test-bucket-role_oracle-test-bucket-role-PermissionsAttachement0_852E4137\\": {
        \\"policy_arn\\": \\"\${aws_iam_policy.oracle-test_oracle-test-bucket-role_oracle-test-bucket-role-PermissionsPolicy0_8B87A512.arn}\\",
        \\"role\\": \\"\${aws_iam_role.oracle-test_oracle-test-bucket-role_IamRole_F6DFB5B0.id}\\"
      }
    },
    \\"aws_kms_alias\\": {
      \\"oracle-test_oracle-test-key_oracle-test-keyKeyAlias_9A726472\\": {
        \\"name\\": \\"alias/oracle-test-oracle-key\\",
        \\"target_key_id\\": \\"\${aws_kms_key.oracle-test_oracle-test-key_oracle-test-keyKmsKey_154402E0.id}\\"
      },
      \\"oracle-test_test-oracle-test-bucket_test-oracle-test-bucketKeyAlias_1106ED5D\\": {
        \\"name\\": \\"alias/oracle-test-key\\",
        \\"target_key_id\\": \\"\${aws_kms_key.oracle-test_test-oracle-test-bucket_test-oracle-test-bucketKmsKey_8E39B6F6.id}\\"
      }
    },
    \\"aws_kms_key\\": {
      \\"mockVpcConstruct_mockVpcConstruct-flowLogsLogGroupKms_36A3EBE9\\": {
        \\"enable_key_rotation\\": true,
        \\"policy\\": \\"\${templatefile(\\\\\\"assets/mockVpcConstruct_mockVpcConstruct-baseVpcAssets_93C5C60C/6B39ECA406267D0E34A7D5FCF58546E9/flowLogsLogGroupKmsPolicy.json.tftpl\\\\\\", {\\\\\\"regionName\\\\\\" = data.aws_region.mockVpcConstruct_region_EBFE6351.name, \\\\\\"accountId\\\\\\" = data.aws_caller_identity.mockVpcConstruct_account_F920F323.account_id})}\\",
        \\"tags\\": {
          \\"Name\\": \\"mockVpcConstruct-flowLogsLogGroupKms-kms-key\\"
        }
      },
      \\"oracle-test_oracle-test-key_oracle-test-keyKmsKey_154402E0\\": {
        \\"deletion_window_in_days\\": 7,
        \\"description\\": \\"The KMS key for encypting the DB\\",
        \\"enable_key_rotation\\": true,
        \\"multi_region\\": false,
        \\"tags\\": {
          \\"Name\\": \\"oracle-test-key\\"
        }
      },
      \\"oracle-test_test-oracle-test-bucket_test-oracle-test-bucketKmsKey_8E39B6F6\\": {
        \\"deletion_window_in_days\\": 7,
        \\"description\\": \\"oracle-test-key\\",
        \\"enable_key_rotation\\": true,
        \\"multi_region\\": false,
        \\"tags\\": {
          \\"Name\\": \\"test-oracle-test-bucket\\"
        }
      }
    },
    \\"aws_network_acl\\": {
      \\"mockVpcConstruct_adDataNacl_A6C768D1\\": {
        \\"tags\\": {
          \\"Name\\": \\"adDataNacl\\"
        },
        \\"vpc_id\\": \\"\${aws_vpc.mockVpcConstruct_mockVpcConstruct-Vpc_5633E70B.id}\\"
      },
      \\"mockVpcConstruct_appNacl_0787615D\\": {
        \\"tags\\": {
          \\"Name\\": \\"appNacl\\"
        },
        \\"vpc_id\\": \\"\${aws_vpc.mockVpcConstruct_mockVpcConstruct-Vpc_5633E70B.id}\\"
      },
      \\"mockVpcConstruct_dataNacl_7C5D3824\\": {
        \\"tags\\": {
          \\"Name\\": \\"dataNacl\\"
        },
        \\"vpc_id\\": \\"\${aws_vpc.mockVpcConstruct_mockVpcConstruct-Vpc_5633E70B.id}\\"
      }
    },
    \\"aws_network_acl_association\\": {
      \\"mockVpcConstruct_mockVpcConstruct-adDataSubnet0NaclAssociation_41188FF9\\": {
        \\"network_acl_id\\": \\"\${aws_network_acl.mockVpcConstruct_adDataNacl_A6C768D1.id}\\",
        \\"subnet_id\\": \\"\${aws_subnet.mockVpcConstruct_mockVpcConstructadDataSubnet0_435CB4C0.id}\\"
      },
      \\"mockVpcConstruct_mockVpcConstruct-adDataSubnet1NaclAssociation_A49A79CE\\": {
        \\"network_acl_id\\": \\"\${aws_network_acl.mockVpcConstruct_adDataNacl_A6C768D1.id}\\",
        \\"subnet_id\\": \\"\${aws_subnet.mockVpcConstruct_mockVpcConstructadDataSubnet1_94806B40.id}\\"
      },
      \\"mockVpcConstruct_mockVpcConstruct-adDataSubnet2NaclAssociation_4FFBEF64\\": {
        \\"network_acl_id\\": \\"\${aws_network_acl.mockVpcConstruct_adDataNacl_A6C768D1.id}\\",
        \\"subnet_id\\": \\"\${aws_subnet.mockVpcConstruct_mockVpcConstructadDataSubnet2_F470E771.id}\\"
      },
      \\"mockVpcConstruct_mockVpcConstruct-appSubnet0NaclAssociation_025C35AA\\": {
        \\"network_acl_id\\": \\"\${aws_network_acl.mockVpcConstruct_appNacl_0787615D.id}\\",
        \\"subnet_id\\": \\"\${aws_subnet.mockVpcConstruct_mockVpcConstructappSubnet0_F3ADDFFD.id}\\"
      },
      \\"mockVpcConstruct_mockVpcConstruct-appSubnet1NaclAssociation_3BD1DA80\\": {
        \\"network_acl_id\\": \\"\${aws_network_acl.mockVpcConstruct_appNacl_0787615D.id}\\",
        \\"subnet_id\\": \\"\${aws_subnet.mockVpcConstruct_mockVpcConstructappSubnet1_E6B0234E.id}\\"
      },
      \\"mockVpcConstruct_mockVpcConstruct-appSubnet2NaclAssociation_E06C9CC0\\": {
        \\"network_acl_id\\": \\"\${aws_network_acl.mockVpcConstruct_appNacl_0787615D.id}\\",
        \\"subnet_id\\": \\"\${aws_subnet.mockVpcConstruct_mockVpcConstructappSubnet2_5660385B.id}\\"
      },
      \\"mockVpcConstruct_mockVpcConstruct-dataSubnet0NaclAssociation_81182F89\\": {
        \\"network_acl_id\\": \\"\${aws_network_acl.mockVpcConstruct_dataNacl_7C5D3824.id}\\",
        \\"subnet_id\\": \\"\${aws_subnet.mockVpcConstruct_mockVpcConstructdataSubnet0_8662C1EF.id}\\"
      },
      \\"mockVpcConstruct_mockVpcConstruct-dataSubnet1NaclAssociation_E003E014\\": {
        \\"network_acl_id\\": \\"\${aws_network_acl.mockVpcConstruct_dataNacl_7C5D3824.id}\\",
        \\"subnet_id\\": \\"\${aws_subnet.mockVpcConstruct_mockVpcConstructdataSubnet1_685E0FBF.id}\\"
      },
      \\"mockVpcConstruct_mockVpcConstruct-dataSubnet2NaclAssociation_59407679\\": {
        \\"network_acl_id\\": \\"\${aws_network_acl.mockVpcConstruct_dataNacl_7C5D3824.id}\\",
        \\"subnet_id\\": \\"\${aws_subnet.mockVpcConstruct_mockVpcConstructdataSubnet2_BA21E584.id}\\"
      }
    },
    \\"aws_network_acl_rule\\": {
      \\"mockVpcConstruct_mockVpcConstruct-allow-139-tcp-inbound-adDataNaclRule_0F85A5B6\\": {
        \\"cidr_block\\": \\"0.0.0.0/0\\",
        \\"depends_on\\": [
          \\"aws_network_acl.mockVpcConstruct_adDataNacl_A6C768D1\\"
        ],
        \\"egress\\": false,
        \\"from_port\\": 139,
        \\"network_acl_id\\": \\"\${aws_network_acl.mockVpcConstruct_adDataNacl_A6C768D1.id}\\",
        \\"protocol\\": \\"tcp\\",
        \\"rule_action\\": \\"allow\\",
        \\"rule_number\\": 1400,
        \\"to_port\\": 139
      },
      \\"mockVpcConstruct_mockVpcConstruct-allow-139-udp-inbound-adDataNaclRule_7BCC881A\\": {
        \\"cidr_block\\": \\"0.0.0.0/0\\",
        \\"depends_on\\": [
          \\"aws_network_acl.mockVpcConstruct_adDataNacl_A6C768D1\\"
        ],
        \\"egress\\": false,
        \\"from_port\\": 139,
        \\"network_acl_id\\": \\"\${aws_network_acl.mockVpcConstruct_adDataNacl_A6C768D1.id}\\",
        \\"protocol\\": \\"udp\\",
        \\"rule_action\\": \\"allow\\",
        \\"rule_number\\": 1500,
        \\"to_port\\": 139
      },
      \\"mockVpcConstruct_mockVpcConstruct-allow-all-outbound-adDataNaclRule_D25768F6\\": {
        \\"cidr_block\\": \\"0.0.0.0/0\\",
        \\"depends_on\\": [
          \\"aws_network_acl.mockVpcConstruct_adDataNacl_A6C768D1\\"
        ],
        \\"egress\\": true,
        \\"from_port\\": 0,
        \\"network_acl_id\\": \\"\${aws_network_acl.mockVpcConstruct_adDataNacl_A6C768D1.id}\\",
        \\"protocol\\": \\"-1\\",
        \\"rule_action\\": \\"allow\\",
        \\"rule_number\\": 100,
        \\"to_port\\": 0
      },
      \\"mockVpcConstruct_mockVpcConstruct-allow-all-outbound-appNaclRule_EEBD5A44\\": {
        \\"cidr_block\\": \\"0.0.0.0/0\\",
        \\"depends_on\\": [
          \\"aws_network_acl.mockVpcConstruct_appNacl_0787615D\\"
        ],
        \\"egress\\": true,
        \\"from_port\\": 0,
        \\"network_acl_id\\": \\"\${aws_network_acl.mockVpcConstruct_appNacl_0787615D.id}\\",
        \\"protocol\\": \\"-1\\",
        \\"rule_action\\": \\"allow\\",
        \\"rule_number\\": 100,
        \\"to_port\\": 0
      },
      \\"mockVpcConstruct_mockVpcConstruct-allow-all-outbound-dataNaclRule_62E6D958\\": {
        \\"cidr_block\\": \\"0.0.0.0/0\\",
        \\"depends_on\\": [
          \\"aws_network_acl.mockVpcConstruct_dataNacl_7C5D3824\\"
        ],
        \\"egress\\": true,
        \\"from_port\\": 0,
        \\"network_acl_id\\": \\"\${aws_network_acl.mockVpcConstruct_dataNacl_7C5D3824.id}\\",
        \\"protocol\\": \\"-1\\",
        \\"rule_action\\": \\"allow\\",
        \\"rule_number\\": 100,
        \\"to_port\\": 0
      },
      \\"mockVpcConstruct_mockVpcConstruct-allow-change-set-password-tcp-inbound-adDataNaclRule_5E8531DD\\": {
        \\"cidr_block\\": \\"0.0.0.0/0\\",
        \\"depends_on\\": [
          \\"aws_network_acl.mockVpcConstruct_adDataNacl_A6C768D1\\"
        ],
        \\"egress\\": false,
        \\"from_port\\": 464,
        \\"network_acl_id\\": \\"\${aws_network_acl.mockVpcConstruct_adDataNacl_A6C768D1.id}\\",
        \\"protocol\\": \\"tcp\\",
        \\"rule_action\\": \\"allow\\",
        \\"rule_number\\": 500,
        \\"to_port\\": 464
      },
      \\"mockVpcConstruct_mockVpcConstruct-allow-change-set-password-udp-inbound-adDataNaclRule_6FEBB0F6\\": {
        \\"cidr_block\\": \\"0.0.0.0/0\\",
        \\"depends_on\\": [
          \\"aws_network_acl.mockVpcConstruct_adDataNacl_A6C768D1\\"
        ],
        \\"egress\\": false,
        \\"from_port\\": 464,
        \\"network_acl_id\\": \\"\${aws_network_acl.mockVpcConstruct_adDataNacl_A6C768D1.id}\\",
        \\"protocol\\": \\"udp\\",
        \\"rule_action\\": \\"allow\\",
        \\"rule_number\\": 600,
        \\"to_port\\": 464
      },
      \\"mockVpcConstruct_mockVpcConstruct-allow-dce-epmap-inbound-adDataNaclRule_01B46FEF\\": {
        \\"cidr_block\\": \\"0.0.0.0/0\\",
        \\"depends_on\\": [
          \\"aws_network_acl.mockVpcConstruct_adDataNacl_A6C768D1\\"
        ],
        \\"egress\\": false,
        \\"from_port\\": 135,
        \\"network_acl_id\\": \\"\${aws_network_acl.mockVpcConstruct_adDataNacl_A6C768D1.id}\\",
        \\"protocol\\": \\"tcp\\",
        \\"rule_action\\": \\"allow\\",
        \\"rule_number\\": 1000,
        \\"to_port\\": 135
      },
      \\"mockVpcConstruct_mockVpcConstruct-allow-dns-tcp-inbound-adDataNaclRule_C030B615\\": {
        \\"cidr_block\\": \\"0.0.0.0/0\\",
        \\"depends_on\\": [
          \\"aws_network_acl.mockVpcConstruct_adDataNacl_A6C768D1\\"
        ],
        \\"egress\\": false,
        \\"from_port\\": 53,
        \\"network_acl_id\\": \\"\${aws_network_acl.mockVpcConstruct_adDataNacl_A6C768D1.id}\\",
        \\"protocol\\": \\"tcp\\",
        \\"rule_action\\": \\"allow\\",
        \\"rule_number\\": 100,
        \\"to_port\\": 53
      },
      \\"mockVpcConstruct_mockVpcConstruct-allow-dns-udp-inbound-adDataNaclRule_ADD3E7E8\\": {
        \\"cidr_block\\": \\"0.0.0.0/0\\",
        \\"depends_on\\": [
          \\"aws_network_acl.mockVpcConstruct_adDataNacl_A6C768D1\\"
        ],
        \\"egress\\": false,
        \\"from_port\\": 53,
        \\"network_acl_id\\": \\"\${aws_network_acl.mockVpcConstruct_adDataNacl_A6C768D1.id}\\",
        \\"protocol\\": \\"udp\\",
        \\"rule_action\\": \\"allow\\",
        \\"rule_number\\": 200,
        \\"to_port\\": 53
      },
      \\"mockVpcConstruct_mockVpcConstruct-allow-ephemeral-ports-dataNaclRule_E7AD40BD\\": {
        \\"cidr_block\\": \\"\${aws_vpc.mockVpcConstruct_mockVpcConstruct-Vpc_5633E70B.cidr_block}\\",
        \\"depends_on\\": [
          \\"aws_network_acl.mockVpcConstruct_dataNacl_7C5D3824\\"
        ],
        \\"egress\\": false,
        \\"from_port\\": 1024,
        \\"network_acl_id\\": \\"\${aws_network_acl.mockVpcConstruct_dataNacl_7C5D3824.id}\\",
        \\"protocol\\": \\"tcp\\",
        \\"rule_action\\": \\"allow\\",
        \\"rule_number\\": 600,
        \\"to_port\\": 65535
      },
      \\"mockVpcConstruct_mockVpcConstruct-allow-ephemeral-tcp-inbound-adDataNaclRule_68C5A2A1\\": {
        \\"cidr_block\\": \\"0.0.0.0/0\\",
        \\"depends_on\\": [
          \\"aws_network_acl.mockVpcConstruct_adDataNacl_A6C768D1\\"
        ],
        \\"egress\\": false,
        \\"from_port\\": 1024,
        \\"network_acl_id\\": \\"\${aws_network_acl.mockVpcConstruct_adDataNacl_A6C768D1.id}\\",
        \\"protocol\\": \\"tcp\\",
        \\"rule_action\\": \\"allow\\",
        \\"rule_number\\": 1600,
        \\"to_port\\": 65535
      },
      \\"mockVpcConstruct_mockVpcConstruct-allow-ephemeral-udp-inbound-adDataNaclRule_359AD038\\": {
        \\"cidr_block\\": \\"0.0.0.0/0\\",
        \\"depends_on\\": [
          \\"aws_network_acl.mockVpcConstruct_adDataNacl_A6C768D1\\"
        ],
        \\"egress\\": false,
        \\"from_port\\": 1024,
        \\"network_acl_id\\": \\"\${aws_network_acl.mockVpcConstruct_adDataNacl_A6C768D1.id}\\",
        \\"protocol\\": \\"udp\\",
        \\"rule_action\\": \\"allow\\",
        \\"rule_number\\": 1700,
        \\"to_port\\": 65535
      },
      \\"mockVpcConstruct_mockVpcConstruct-allow-everything-else-inbound-appNaclRule_E23B9953\\": {
        \\"cidr_block\\": \\"0.0.0.0/0\\",
        \\"depends_on\\": [
          \\"aws_network_acl.mockVpcConstruct_appNacl_0787615D\\"
        ],
        \\"egress\\": false,
        \\"from_port\\": 0,
        \\"network_acl_id\\": \\"\${aws_network_acl.mockVpcConstruct_appNacl_0787615D.id}\\",
        \\"protocol\\": \\"-1\\",
        \\"rule_action\\": \\"allow\\",
        \\"rule_number\\": 500,
        \\"to_port\\": 0
      },
      \\"mockVpcConstruct_mockVpcConstruct-allow-https-smb-tcp-inbound-adDataNaclRule_3D9DD835\\": {
        \\"cidr_block\\": \\"0.0.0.0/0\\",
        \\"depends_on\\": [
          \\"aws_network_acl.mockVpcConstruct_adDataNacl_A6C768D1\\"
        ],
        \\"egress\\": false,
        \\"from_port\\": 443,
        \\"network_acl_id\\": \\"\${aws_network_acl.mockVpcConstruct_adDataNacl_A6C768D1.id}\\",
        \\"protocol\\": \\"tcp\\",
        \\"rule_action\\": \\"allow\\",
        \\"rule_number\\": 1100,
        \\"to_port\\": 445
      },
      \\"mockVpcConstruct_mockVpcConstruct-allow-https-smb-udp-inbound-adDataNaclRule_5D6D76D0\\": {
        \\"cidr_block\\": \\"0.0.0.0/0\\",
        \\"depends_on\\": [
          \\"aws_network_acl.mockVpcConstruct_adDataNacl_A6C768D1\\"
        ],
        \\"egress\\": false,
        \\"from_port\\": 443,
        \\"network_acl_id\\": \\"\${aws_network_acl.mockVpcConstruct_adDataNacl_A6C768D1.id}\\",
        \\"protocol\\": \\"udp\\",
        \\"rule_action\\": \\"allow\\",
        \\"rule_number\\": 1200,
        \\"to_port\\": 445
      },
      \\"mockVpcConstruct_mockVpcConstruct-allow-kerberos-authentication-tcp-inbound-adDataNaclRule_48B9B88D\\": {
        \\"cidr_block\\": \\"0.0.0.0/0\\",
        \\"depends_on\\": [
          \\"aws_network_acl.mockVpcConstruct_adDataNacl_A6C768D1\\"
        ],
        \\"egress\\": false,
        \\"from_port\\": 88,
        \\"network_acl_id\\": \\"\${aws_network_acl.mockVpcConstruct_adDataNacl_A6C768D1.id}\\",
        \\"protocol\\": \\"tcp\\",
        \\"rule_action\\": \\"allow\\",
        \\"rule_number\\": 300,
        \\"to_port\\": 88
      },
      \\"mockVpcConstruct_mockVpcConstruct-allow-kerberos-authentication-udp-inbound-adDataNaclRule_44C5C737\\": {
        \\"cidr_block\\": \\"0.0.0.0/0\\",
        \\"depends_on\\": [
          \\"aws_network_acl.mockVpcConstruct_adDataNacl_A6C768D1\\"
        ],
        \\"egress\\": false,
        \\"from_port\\": 88,
        \\"network_acl_id\\": \\"\${aws_network_acl.mockVpcConstruct_adDataNacl_A6C768D1.id}\\",
        \\"protocol\\": \\"udp\\",
        \\"rule_action\\": \\"allow\\",
        \\"rule_number\\": 400,
        \\"to_port\\": 88
      },
      \\"mockVpcConstruct_mockVpcConstruct-allow-ldap-tcp-inbound-adDataNaclRule_3934D9EB\\": {
        \\"cidr_block\\": \\"0.0.0.0/0\\",
        \\"depends_on\\": [
          \\"aws_network_acl.mockVpcConstruct_adDataNacl_A6C768D1\\"
        ],
        \\"egress\\": false,
        \\"from_port\\": 389,
        \\"network_acl_id\\": \\"\${aws_network_acl.mockVpcConstruct_adDataNacl_A6C768D1.id}\\",
        \\"protocol\\": \\"tcp\\",
        \\"rule_action\\": \\"allow\\",
        \\"rule_number\\": 700,
        \\"to_port\\": 389
      },
      \\"mockVpcConstruct_mockVpcConstruct-allow-ldap-udp-inbound-adDataNaclRule_7A23AD7C\\": {
        \\"cidr_block\\": \\"0.0.0.0/0\\",
        \\"depends_on\\": [
          \\"aws_network_acl.mockVpcConstruct_adDataNacl_A6C768D1\\"
        ],
        \\"egress\\": false,
        \\"from_port\\": 389,
        \\"network_acl_id\\": \\"\${aws_network_acl.mockVpcConstruct_adDataNacl_A6C768D1.id}\\",
        \\"protocol\\": \\"udp\\",
        \\"rule_action\\": \\"allow\\",
        \\"rule_number\\": 800,
        \\"to_port\\": 389
      },
      \\"mockVpcConstruct_mockVpcConstruct-allow-ldaps-tcp-inbound-adDataNaclRule_56AA3715\\": {
        \\"cidr_block\\": \\"0.0.0.0/0\\",
        \\"depends_on\\": [
          \\"aws_network_acl.mockVpcConstruct_adDataNacl_A6C768D1\\"
        ],
        \\"egress\\": false,
        \\"from_port\\": 636,
        \\"network_acl_id\\": \\"\${aws_network_acl.mockVpcConstruct_adDataNacl_A6C768D1.id}\\",
        \\"protocol\\": \\"tcp\\",
        \\"rule_action\\": \\"allow\\",
        \\"rule_number\\": 1300,
        \\"to_port\\": 636
      },
      \\"mockVpcConstruct_mockVpcConstruct-allow-mysql-inbound-dataNaclRule_28653C09\\": {
        \\"cidr_block\\": \\"0.0.0.0/0\\",
        \\"depends_on\\": [
          \\"aws_network_acl.mockVpcConstruct_dataNacl_7C5D3824\\"
        ],
        \\"egress\\": false,
        \\"from_port\\": 3306,
        \\"network_acl_id\\": \\"\${aws_network_acl.mockVpcConstruct_dataNacl_7C5D3824.id}\\",
        \\"protocol\\": \\"tcp\\",
        \\"rule_action\\": \\"allow\\",
        \\"rule_number\\": 200,
        \\"to_port\\": 3306
      },
      \\"mockVpcConstruct_mockVpcConstruct-allow-nfs-inbound-dataNaclRule_FA45F0A6\\": {
        \\"cidr_block\\": \\"0.0.0.0/0\\",
        \\"depends_on\\": [
          \\"aws_network_acl.mockVpcConstruct_dataNacl_7C5D3824\\"
        ],
        \\"egress\\": false,
        \\"from_port\\": 2049,
        \\"network_acl_id\\": \\"\${aws_network_acl.mockVpcConstruct_dataNacl_7C5D3824.id}\\",
        \\"protocol\\": \\"tcp\\",
        \\"rule_action\\": \\"allow\\",
        \\"rule_number\\": 300,
        \\"to_port\\": 2049
      },
      \\"mockVpcConstruct_mockVpcConstruct-allow-ntp-inbound-adDataNaclRule_30C04193\\": {
        \\"cidr_block\\": \\"0.0.0.0/0\\",
        \\"depends_on\\": [
          \\"aws_network_acl.mockVpcConstruct_adDataNacl_A6C768D1\\"
        ],
        \\"egress\\": false,
        \\"from_port\\": 123,
        \\"network_acl_id\\": \\"\${aws_network_acl.mockVpcConstruct_adDataNacl_A6C768D1.id}\\",
        \\"protocol\\": \\"udp\\",
        \\"rule_action\\": \\"allow\\",
        \\"rule_number\\": 900,
        \\"to_port\\": 123
      },
      \\"mockVpcConstruct_mockVpcConstruct-allow-oracle-inbound-dataNaclRule_9B69DD92\\": {
        \\"cidr_block\\": \\"0.0.0.0/0\\",
        \\"depends_on\\": [
          \\"aws_network_acl.mockVpcConstruct_dataNacl_7C5D3824\\"
        ],
        \\"egress\\": false,
        \\"from_port\\": 1521,
        \\"network_acl_id\\": \\"\${aws_network_acl.mockVpcConstruct_dataNacl_7C5D3824.id}\\",
        \\"protocol\\": \\"tcp\\",
        \\"rule_action\\": \\"allow\\",
        \\"rule_number\\": 500,
        \\"to_port\\": 1521
      },
      \\"mockVpcConstruct_mockVpcConstruct-allow-postgresql-inbound-dataNaclRule_0363BAD7\\": {
        \\"cidr_block\\": \\"0.0.0.0/0\\",
        \\"depends_on\\": [
          \\"aws_network_acl.mockVpcConstruct_dataNacl_7C5D3824\\"
        ],
        \\"egress\\": false,
        \\"from_port\\": 5432,
        \\"network_acl_id\\": \\"\${aws_network_acl.mockVpcConstruct_dataNacl_7C5D3824.id}\\",
        \\"protocol\\": \\"tcp\\",
        \\"rule_action\\": \\"allow\\",
        \\"rule_number\\": 100,
        \\"to_port\\": 5432
      },
      \\"mockVpcConstruct_mockVpcConstruct-allow-sqlserver-inbound-dataNaclRule_5E6BBD03\\": {
        \\"cidr_block\\": \\"0.0.0.0/0\\",
        \\"depends_on\\": [
          \\"aws_network_acl.mockVpcConstruct_dataNacl_7C5D3824\\"
        ],
        \\"egress\\": false,
        \\"from_port\\": 1433,
        \\"network_acl_id\\": \\"\${aws_network_acl.mockVpcConstruct_dataNacl_7C5D3824.id}\\",
        \\"protocol\\": \\"tcp\\",
        \\"rule_action\\": \\"allow\\",
        \\"rule_number\\": 400,
        \\"to_port\\": 1433
      },
      \\"mockVpcConstruct_mockVpcConstruct-allowAppTraffic_2800309C\\": {
        \\"cidr_block\\": \\"\${aws_vpc.mockVpcConstruct_mockVpcConstruct-Vpc_5633E70B.cidr_block}\\",
        \\"depends_on\\": [
          \\"aws_network_acl.mockVpcConstruct_appNacl_0787615D\\"
        ],
        \\"egress\\": false,
        \\"from_port\\": 1521,
        \\"network_acl_id\\": \\"\${aws_network_acl.mockVpcConstruct_appNacl_0787615D.id}\\",
        \\"protocol\\": \\"tcp\\",
        \\"rule_action\\": \\"allow\\",
        \\"rule_number\\": 99,
        \\"to_port\\": 1521
      },
      \\"mockVpcConstruct_mockVpcConstruct-deny-mysql-inbound-appNaclRule_A937926B\\": {
        \\"cidr_block\\": \\"0.0.0.0/0\\",
        \\"depends_on\\": [
          \\"aws_network_acl.mockVpcConstruct_appNacl_0787615D\\"
        ],
        \\"egress\\": false,
        \\"from_port\\": 3306,
        \\"network_acl_id\\": \\"\${aws_network_acl.mockVpcConstruct_appNacl_0787615D.id}\\",
        \\"protocol\\": \\"tcp\\",
        \\"rule_action\\": \\"deny\\",
        \\"rule_number\\": 200,
        \\"to_port\\": 3306
      },
      \\"mockVpcConstruct_mockVpcConstruct-deny-nfs-inbound-appNaclRule_01D7EE46\\": {
        \\"cidr_block\\": \\"0.0.0.0/0\\",
        \\"depends_on\\": [
          \\"aws_network_acl.mockVpcConstruct_appNacl_0787615D\\"
        ],
        \\"egress\\": false,
        \\"from_port\\": 2049,
        \\"network_acl_id\\": \\"\${aws_network_acl.mockVpcConstruct_appNacl_0787615D.id}\\",
        \\"protocol\\": \\"tcp\\",
        \\"rule_action\\": \\"deny\\",
        \\"rule_number\\": 300,
        \\"to_port\\": 2049
      },
      \\"mockVpcConstruct_mockVpcConstruct-deny-postgresql-inbound-appNaclRule_44A83CD1\\": {
        \\"cidr_block\\": \\"0.0.0.0/0\\",
        \\"depends_on\\": [
          \\"aws_network_acl.mockVpcConstruct_appNacl_0787615D\\"
        ],
        \\"egress\\": false,
        \\"from_port\\": 5432,
        \\"network_acl_id\\": \\"\${aws_network_acl.mockVpcConstruct_appNacl_0787615D.id}\\",
        \\"protocol\\": \\"tcp\\",
        \\"rule_action\\": \\"deny\\",
        \\"rule_number\\": 100,
        \\"to_port\\": 5432
      },
      \\"mockVpcConstruct_mockVpcConstruct-deny-sql-server-inbound-appNaclRule_EF8BEEB2\\": {
        \\"cidr_block\\": \\"0.0.0.0/0\\",
        \\"depends_on\\": [
          \\"aws_network_acl.mockVpcConstruct_appNacl_0787615D\\"
        ],
        \\"egress\\": false,
        \\"from_port\\": 1433,
        \\"network_acl_id\\": \\"\${aws_network_acl.mockVpcConstruct_appNacl_0787615D.id}\\",
        \\"protocol\\": \\"tcp\\",
        \\"rule_action\\": \\"deny\\",
        \\"rule_number\\": 400,
        \\"to_port\\": 1434
      }
    },
    \\"aws_route_table\\": {
      \\"mockVpcConstruct_mockVpcConstruct-privateRouteTable_E3893A90\\": {
        \\"tags\\": {
          \\"Name\\": \\"mockVpcConstruct-privateRouteTable\\"
        },
        \\"vpc_id\\": \\"\${aws_vpc.mockVpcConstruct_mockVpcConstruct-Vpc_5633E70B.id}\\"
      }
    },
    \\"aws_route_table_association\\": {
      \\"mockVpcConstruct_mockVpcConstruct-privateSubnetRouteTableAssociation0_61ADF46D\\": {
        \\"route_table_id\\": \\"\${aws_route_table.mockVpcConstruct_mockVpcConstruct-privateRouteTable_E3893A90.id}\\",
        \\"subnet_id\\": \\"\${aws_subnet.mockVpcConstruct_mockVpcConstructappSubnet0_F3ADDFFD.id}\\"
      },
      \\"mockVpcConstruct_mockVpcConstruct-privateSubnetRouteTableAssociation10_0D17D668\\": {
        \\"route_table_id\\": \\"\${aws_route_table.mockVpcConstruct_mockVpcConstruct-privateRouteTable_E3893A90.id}\\",
        \\"subnet_id\\": \\"\${aws_subnet.mockVpcConstruct_mockVpcConstructadDataSubnet1_94806B40.id}\\"
      },
      \\"mockVpcConstruct_mockVpcConstruct-privateSubnetRouteTableAssociation11_30677462\\": {
        \\"route_table_id\\": \\"\${aws_route_table.mockVpcConstruct_mockVpcConstruct-privateRouteTable_E3893A90.id}\\",
        \\"subnet_id\\": \\"\${aws_subnet.mockVpcConstruct_mockVpcConstructadDataSubnet2_F470E771.id}\\"
      },
      \\"mockVpcConstruct_mockVpcConstruct-privateSubnetRouteTableAssociation1_A42341C8\\": {
        \\"route_table_id\\": \\"\${aws_route_table.mockVpcConstruct_mockVpcConstruct-privateRouteTable_E3893A90.id}\\",
        \\"subnet_id\\": \\"\${aws_subnet.mockVpcConstruct_mockVpcConstructappSubnet1_E6B0234E.id}\\"
      },
      \\"mockVpcConstruct_mockVpcConstruct-privateSubnetRouteTableAssociation2_03B42F6A\\": {
        \\"route_table_id\\": \\"\${aws_route_table.mockVpcConstruct_mockVpcConstruct-privateRouteTable_E3893A90.id}\\",
        \\"subnet_id\\": \\"\${aws_subnet.mockVpcConstruct_mockVpcConstructappSubnet2_5660385B.id}\\"
      },
      \\"mockVpcConstruct_mockVpcConstruct-privateSubnetRouteTableAssociation3_9296B417\\": {
        \\"route_table_id\\": \\"\${aws_route_table.mockVpcConstruct_mockVpcConstruct-privateRouteTable_E3893A90.id}\\",
        \\"subnet_id\\": \\"\${aws_subnet.mockVpcConstruct_mockVpcConstructtransitSubnet0_9E907316.id}\\"
      },
      \\"mockVpcConstruct_mockVpcConstruct-privateSubnetRouteTableAssociation4_E3AFC443\\": {
        \\"route_table_id\\": \\"\${aws_route_table.mockVpcConstruct_mockVpcConstruct-privateRouteTable_E3893A90.id}\\",
        \\"subnet_id\\": \\"\${aws_subnet.mockVpcConstruct_mockVpcConstructtransitSubnet1_C8C46CA0.id}\\"
      },
      \\"mockVpcConstruct_mockVpcConstruct-privateSubnetRouteTableAssociation5_4C43E7AD\\": {
        \\"route_table_id\\": \\"\${aws_route_table.mockVpcConstruct_mockVpcConstruct-privateRouteTable_E3893A90.id}\\",
        \\"subnet_id\\": \\"\${aws_subnet.mockVpcConstruct_mockVpcConstructtransitSubnet2_29EF4343.id}\\"
      },
      \\"mockVpcConstruct_mockVpcConstruct-privateSubnetRouteTableAssociation6_A387986E\\": {
        \\"route_table_id\\": \\"\${aws_route_table.mockVpcConstruct_mockVpcConstruct-privateRouteTable_E3893A90.id}\\",
        \\"subnet_id\\": \\"\${aws_subnet.mockVpcConstruct_mockVpcConstructdataSubnet0_8662C1EF.id}\\"
      },
      \\"mockVpcConstruct_mockVpcConstruct-privateSubnetRouteTableAssociation7_7070A7BD\\": {
        \\"route_table_id\\": \\"\${aws_route_table.mockVpcConstruct_mockVpcConstruct-privateRouteTable_E3893A90.id}\\",
        \\"subnet_id\\": \\"\${aws_subnet.mockVpcConstruct_mockVpcConstructdataSubnet1_685E0FBF.id}\\"
      },
      \\"mockVpcConstruct_mockVpcConstruct-privateSubnetRouteTableAssociation8_CB8C1C84\\": {
        \\"route_table_id\\": \\"\${aws_route_table.mockVpcConstruct_mockVpcConstruct-privateRouteTable_E3893A90.id}\\",
        \\"subnet_id\\": \\"\${aws_subnet.mockVpcConstruct_mockVpcConstructdataSubnet2_BA21E584.id}\\"
      },
      \\"mockVpcConstruct_mockVpcConstruct-privateSubnetRouteTableAssociation9_EA9F73AD\\": {
        \\"route_table_id\\": \\"\${aws_route_table.mockVpcConstruct_mockVpcConstruct-privateRouteTable_E3893A90.id}\\",
        \\"subnet_id\\": \\"\${aws_subnet.mockVpcConstruct_mockVpcConstructadDataSubnet0_435CB4C0.id}\\"
      }
    },
    \\"aws_s3_bucket\\": {
      \\"oracle-test_test-oracle-test-bucket_test-oracle-test-bucketBucket_D019DD25\\": {
        \\"bucket\\": \\"test-oracle-test-bucket\\",
        \\"force_destroy\\": false,
        \\"server_side_encryption_configuration\\": {
          \\"rule\\": {
            \\"apply_server_side_encryption_by_default\\": {
              \\"kms_master_key_id\\": \\"\${aws_kms_key.oracle-test_test-oracle-test-bucket_test-oracle-test-bucketKmsKey_8E39B6F6.arn}\\",
              \\"sse_algorithm\\": \\"aws:kms\\"
            }
          }
        },
        \\"tags\\": {
          \\"Name\\": \\"test-oracle-test-bucket\\"
        },
        \\"versioning\\": {
          \\"enabled\\": true,
          \\"mfa_delete\\": false
        }
      }
    },
    \\"aws_s3_bucket_ownership_controls\\": {
      \\"oracle-test_test-oracle-test-bucket_test-oracle-test-bucketOwnershipControl_58173114\\": {
        \\"bucket\\": \\"\${aws_s3_bucket.oracle-test_test-oracle-test-bucket_test-oracle-test-bucketBucket_D019DD25.id}\\",
        \\"rule\\": {
          \\"object_ownership\\": \\"BucketOwnerEnforced\\"
        }
      }
    },
    \\"aws_s3_bucket_public_access_block\\": {
      \\"oracle-test_test-oracle-test-bucket_test-oracle-test-bucketAccessBlock_A2F26873\\": {
        \\"block_public_acls\\": true,
        \\"block_public_policy\\": true,
        \\"bucket\\": \\"\${aws_s3_bucket.oracle-test_test-oracle-test-bucket_test-oracle-test-bucketBucket_D019DD25.id}\\",
        \\"ignore_public_acls\\": true,
        \\"restrict_public_buckets\\": true
      }
    },
    \\"aws_security_group\\": {
      \\"oracle-test_oracle-test-security-group_00098AAD\\": {
        \\"egress\\": [
          {
            \\"cidr_blocks\\": [
              \\"0.0.0.0/0\\"
            ],
            \\"description\\": \\"Allow all outbound traffic\\",
            \\"from_port\\": 0,
            \\"ipv6_cidr_blocks\\": null,
            \\"prefix_list_ids\\": null,
            \\"protocol\\": \\"-1\\",
            \\"security_groups\\": null,
            \\"self\\": null,
            \\"to_port\\": 0
          }
        ],
        \\"ingress\\": [
          {
            \\"cidr_blocks\\": \\"\${distinct([\\\\\\"10.0.0.0/16\\\\\\", aws_vpc.mockVpcConstruct_mockVpcConstruct-Vpc_5633E70B.cidr_block, \\\\\\"10.11.0.0/16\\\\\\"])}\\",
            \\"description\\": \\"Allow incoming Client VPN and local VPC connections\\",
            \\"from_port\\": 1521,
            \\"ipv6_cidr_blocks\\": null,
            \\"prefix_list_ids\\": null,
            \\"protocol\\": \\"tcp\\",
            \\"security_groups\\": null,
            \\"self\\": null,
            \\"to_port\\": 1521
          }
        ],
        \\"name\\": \\"oracle-test\\",
        \\"tags\\": {
          \\"Name\\": \\"oracle-test\\"
        },
        \\"vpc_id\\": \\"\${aws_vpc.mockVpcConstruct_mockVpcConstruct-Vpc_5633E70B.id}\\"
      }
    },
    \\"aws_subnet\\": {
      \\"mockVpcConstruct_mockVpcConstructadDataSubnet0_435CB4C0\\": {
        \\"availability_zone\\": \\"\${element(data.aws_availability_zones.mockVpcConstruct_mockVpcConstruct-zones_DBE91AA2.names, 0)}\\",
        \\"cidr_block\\": \\"\${cidrsubnet(aws_vpc.mockVpcConstruct_mockVpcConstruct-Vpc_5633E70B.cidr_block, 4, 9)}\\",
        \\"map_public_ip_on_launch\\": false,
        \\"tags\\": {
          \\"Name\\": \\"mockVpcConstruct-adDataSubnet-1\\"
        },
        \\"vpc_id\\": \\"\${aws_vpc.mockVpcConstruct_mockVpcConstruct-Vpc_5633E70B.id}\\"
      },
      \\"mockVpcConstruct_mockVpcConstructadDataSubnet1_94806B40\\": {
        \\"availability_zone\\": \\"\${element(data.aws_availability_zones.mockVpcConstruct_mockVpcConstruct-zones_DBE91AA2.names, 1)}\\",
        \\"cidr_block\\": \\"\${cidrsubnet(aws_vpc.mockVpcConstruct_mockVpcConstruct-Vpc_5633E70B.cidr_block, 4, 10)}\\",
        \\"map_public_ip_on_launch\\": false,
        \\"tags\\": {
          \\"Name\\": \\"mockVpcConstruct-adDataSubnet-2\\"
        },
        \\"vpc_id\\": \\"\${aws_vpc.mockVpcConstruct_mockVpcConstruct-Vpc_5633E70B.id}\\"
      },
      \\"mockVpcConstruct_mockVpcConstructadDataSubnet2_F470E771\\": {
        \\"availability_zone\\": \\"\${element(data.aws_availability_zones.mockVpcConstruct_mockVpcConstruct-zones_DBE91AA2.names, 2)}\\",
        \\"cidr_block\\": \\"\${cidrsubnet(aws_vpc.mockVpcConstruct_mockVpcConstruct-Vpc_5633E70B.cidr_block, 4, 11)}\\",
        \\"map_public_ip_on_launch\\": false,
        \\"tags\\": {
          \\"Name\\": \\"mockVpcConstruct-adDataSubnet-3\\"
        },
        \\"vpc_id\\": \\"\${aws_vpc.mockVpcConstruct_mockVpcConstruct-Vpc_5633E70B.id}\\"
      },
      \\"mockVpcConstruct_mockVpcConstructappSubnet0_F3ADDFFD\\": {
        \\"availability_zone\\": \\"\${element(data.aws_availability_zones.mockVpcConstruct_mockVpcConstruct-zones_DBE91AA2.names, 0)}\\",
        \\"cidr_block\\": \\"\${cidrsubnet(aws_vpc.mockVpcConstruct_mockVpcConstruct-Vpc_5633E70B.cidr_block, 4, 3)}\\",
        \\"map_public_ip_on_launch\\": false,
        \\"tags\\": {
          \\"Name\\": \\"mockVpcConstruct-appSubnet-1\\"
        },
        \\"vpc_id\\": \\"\${aws_vpc.mockVpcConstruct_mockVpcConstruct-Vpc_5633E70B.id}\\"
      },
      \\"mockVpcConstruct_mockVpcConstructappSubnet1_E6B0234E\\": {
        \\"availability_zone\\": \\"\${element(data.aws_availability_zones.mockVpcConstruct_mockVpcConstruct-zones_DBE91AA2.names, 1)}\\",
        \\"cidr_block\\": \\"\${cidrsubnet(aws_vpc.mockVpcConstruct_mockVpcConstruct-Vpc_5633E70B.cidr_block, 4, 4)}\\",
        \\"map_public_ip_on_launch\\": false,
        \\"tags\\": {
          \\"Name\\": \\"mockVpcConstruct-appSubnet-2\\"
        },
        \\"vpc_id\\": \\"\${aws_vpc.mockVpcConstruct_mockVpcConstruct-Vpc_5633E70B.id}\\"
      },
      \\"mockVpcConstruct_mockVpcConstructappSubnet2_5660385B\\": {
        \\"availability_zone\\": \\"\${element(data.aws_availability_zones.mockVpcConstruct_mockVpcConstruct-zones_DBE91AA2.names, 2)}\\",
        \\"cidr_block\\": \\"\${cidrsubnet(aws_vpc.mockVpcConstruct_mockVpcConstruct-Vpc_5633E70B.cidr_block, 4, 5)}\\",
        \\"map_public_ip_on_launch\\": false,
        \\"tags\\": {
          \\"Name\\": \\"mockVpcConstruct-appSubnet-3\\"
        },
        \\"vpc_id\\": \\"\${aws_vpc.mockVpcConstruct_mockVpcConstruct-Vpc_5633E70B.id}\\"
      },
      \\"mockVpcConstruct_mockVpcConstructdataSubnet0_8662C1EF\\": {
        \\"availability_zone\\": \\"\${element(data.aws_availability_zones.mockVpcConstruct_mockVpcConstruct-zones_DBE91AA2.names, 0)}\\",
        \\"cidr_block\\": \\"\${cidrsubnet(aws_vpc.mockVpcConstruct_mockVpcConstruct-Vpc_5633E70B.cidr_block, 4, 6)}\\",
        \\"map_public_ip_on_launch\\": false,
        \\"tags\\": {
          \\"Name\\": \\"mockVpcConstruct-dataSubnet-1\\"
        },
        \\"vpc_id\\": \\"\${aws_vpc.mockVpcConstruct_mockVpcConstruct-Vpc_5633E70B.id}\\"
      },
      \\"mockVpcConstruct_mockVpcConstructdataSubnet1_685E0FBF\\": {
        \\"availability_zone\\": \\"\${element(data.aws_availability_zones.mockVpcConstruct_mockVpcConstruct-zones_DBE91AA2.names, 1)}\\",
        \\"cidr_block\\": \\"\${cidrsubnet(aws_vpc.mockVpcConstruct_mockVpcConstruct-Vpc_5633E70B.cidr_block, 4, 7)}\\",
        \\"map_public_ip_on_launch\\": false,
        \\"tags\\": {
          \\"Name\\": \\"mockVpcConstruct-dataSubnet-2\\"
        },
        \\"vpc_id\\": \\"\${aws_vpc.mockVpcConstruct_mockVpcConstruct-Vpc_5633E70B.id}\\"
      },
      \\"mockVpcConstruct_mockVpcConstructdataSubnet2_BA21E584\\": {
        \\"availability_zone\\": \\"\${element(data.aws_availability_zones.mockVpcConstruct_mockVpcConstruct-zones_DBE91AA2.names, 2)}\\",
        \\"cidr_block\\": \\"\${cidrsubnet(aws_vpc.mockVpcConstruct_mockVpcConstruct-Vpc_5633E70B.cidr_block, 4, 8)}\\",
        \\"map_public_ip_on_launch\\": false,
        \\"tags\\": {
          \\"Name\\": \\"mockVpcConstruct-dataSubnet-3\\"
        },
        \\"vpc_id\\": \\"\${aws_vpc.mockVpcConstruct_mockVpcConstruct-Vpc_5633E70B.id}\\"
      },
      \\"mockVpcConstruct_mockVpcConstructtransitSubnet0_9E907316\\": {
        \\"availability_zone\\": \\"\${element(data.aws_availability_zones.mockVpcConstruct_mockVpcConstruct-zones_DBE91AA2.names, 0)}\\",
        \\"cidr_block\\": \\"\${cidrsubnet(aws_vpc.mockVpcConstruct_mockVpcConstruct-Vpc_5633E70B.cidr_block, 4, 0)}\\",
        \\"map_public_ip_on_launch\\": false,
        \\"tags\\": {
          \\"Name\\": \\"mockVpcConstruct-transitSubnet-1\\"
        },
        \\"vpc_id\\": \\"\${aws_vpc.mockVpcConstruct_mockVpcConstruct-Vpc_5633E70B.id}\\"
      },
      \\"mockVpcConstruct_mockVpcConstructtransitSubnet1_C8C46CA0\\": {
        \\"availability_zone\\": \\"\${element(data.aws_availability_zones.mockVpcConstruct_mockVpcConstruct-zones_DBE91AA2.names, 1)}\\",
        \\"cidr_block\\": \\"\${cidrsubnet(aws_vpc.mockVpcConstruct_mockVpcConstruct-Vpc_5633E70B.cidr_block, 4, 1)}\\",
        \\"map_public_ip_on_launch\\": false,
        \\"tags\\": {
          \\"Name\\": \\"mockVpcConstruct-transitSubnet-2\\"
        },
        \\"vpc_id\\": \\"\${aws_vpc.mockVpcConstruct_mockVpcConstruct-Vpc_5633E70B.id}\\"
      },
      \\"mockVpcConstruct_mockVpcConstructtransitSubnet2_29EF4343\\": {
        \\"availability_zone\\": \\"\${element(data.aws_availability_zones.mockVpcConstruct_mockVpcConstruct-zones_DBE91AA2.names, 2)}\\",
        \\"cidr_block\\": \\"\${cidrsubnet(aws_vpc.mockVpcConstruct_mockVpcConstruct-Vpc_5633E70B.cidr_block, 4, 2)}\\",
        \\"map_public_ip_on_launch\\": false,
        \\"tags\\": {
          \\"Name\\": \\"mockVpcConstruct-transitSubnet-3\\"
        },
        \\"vpc_id\\": \\"\${aws_vpc.mockVpcConstruct_mockVpcConstruct-Vpc_5633E70B.id}\\"
      }
    },
    \\"aws_vpc\\": {
      \\"mockVpcConstruct_mockVpcConstruct-Vpc_5633E70B\\": {
        \\"cidr_block\\": \\"10.1.1.1/16\\",
        \\"enable_dns_hostnames\\": true,
        \\"enable_dns_support\\": true,
        \\"tags\\": {
          \\"Name\\": \\"mockVpcConstruct\\"
        }
      }
    }
  }
}"
`;
